Archive member included to satisfy reference by file (symbol)

C:/ST/STM32CubeIDE_1.14.1/STM32CubeIDE/plugins/com.st.stm32cube.ide.mcu.externaltools.gnu-tools-for-stm32.12.3.rel1.win32_1.1.0.202410251130/tools/bin/../lib/gcc/arm-none-eabi/12.3.1/../../../../arm-none-eabi/lib/thumb/v7e-m+fp/hard\libc_nano.a(libc_a-exit.o)
                              C:/ST/STM32CubeIDE_1.14.1/STM32CubeIDE/plugins/com.st.stm32cube.ide.mcu.externaltools.gnu-tools-for-stm32.12.3.rel1.win32_1.1.0.202410251130/tools/bin/../lib/gcc/arm-none-eabi/12.3.1/../../../../arm-none-eabi/lib/thumb/v7e-m+fp/hard/crt0.o (exit)
C:/ST/STM32CubeIDE_1.14.1/STM32CubeIDE/plugins/com.st.stm32cube.ide.mcu.externaltools.gnu-tools-for-stm32.12.3.rel1.win32_1.1.0.202410251130/tools/bin/../lib/gcc/arm-none-eabi/12.3.1/../../../../arm-none-eabi/lib/thumb/v7e-m+fp/hard\libc_nano.a(libc_a-findfp.o)
                              C:/ST/STM32CubeIDE_1.14.1/STM32CubeIDE/plugins/com.st.stm32cube.ide.mcu.externaltools.gnu-tools-for-stm32.12.3.rel1.win32_1.1.0.202410251130/tools/bin/../lib/gcc/arm-none-eabi/12.3.1/../../../../arm-none-eabi/lib/thumb/v7e-m+fp/hard\libc_nano.a(libc_a-exit.o) (__stdio_exit_handler)
C:/ST/STM32CubeIDE_1.14.1/STM32CubeIDE/plugins/com.st.stm32cube.ide.mcu.externaltools.gnu-tools-for-stm32.12.3.rel1.win32_1.1.0.202410251130/tools/bin/../lib/gcc/arm-none-eabi/12.3.1/../../../../arm-none-eabi/lib/thumb/v7e-m+fp/hard\libc_nano.a(libc_a-fwalk.o)
                              C:/ST/STM32CubeIDE_1.14.1/STM32CubeIDE/plugins/com.st.stm32cube.ide.mcu.externaltools.gnu-tools-for-stm32.12.3.rel1.win32_1.1.0.202410251130/tools/bin/../lib/gcc/arm-none-eabi/12.3.1/../../../../arm-none-eabi/lib/thumb/v7e-m+fp/hard\libc_nano.a(libc_a-findfp.o) (_fwalk_sglue)
C:/ST/STM32CubeIDE_1.14.1/STM32CubeIDE/plugins/com.st.stm32cube.ide.mcu.externaltools.gnu-tools-for-stm32.12.3.rel1.win32_1.1.0.202410251130/tools/bin/../lib/gcc/arm-none-eabi/12.3.1/../../../../arm-none-eabi/lib/thumb/v7e-m+fp/hard\libc_nano.a(libc_a-stdio.o)
                              C:/ST/STM32CubeIDE_1.14.1/STM32CubeIDE/plugins/com.st.stm32cube.ide.mcu.externaltools.gnu-tools-for-stm32.12.3.rel1.win32_1.1.0.202410251130/tools/bin/../lib/gcc/arm-none-eabi/12.3.1/../../../../arm-none-eabi/lib/thumb/v7e-m+fp/hard\libc_nano.a(libc_a-findfp.o) (__sread)
C:/ST/STM32CubeIDE_1.14.1/STM32CubeIDE/plugins/com.st.stm32cube.ide.mcu.externaltools.gnu-tools-for-stm32.12.3.rel1.win32_1.1.0.202410251130/tools/bin/../lib/gcc/arm-none-eabi/12.3.1/../../../../arm-none-eabi/lib/thumb/v7e-m+fp/hard\libc_nano.a(libc_a-memset.o)
                              C:/ST/STM32CubeIDE_1.14.1/STM32CubeIDE/plugins/com.st.stm32cube.ide.mcu.externaltools.gnu-tools-for-stm32.12.3.rel1.win32_1.1.0.202410251130/tools/bin/../lib/gcc/arm-none-eabi/12.3.1/../../../../arm-none-eabi/lib/thumb/v7e-m+fp/hard/crt0.o (memset)
C:/ST/STM32CubeIDE_1.14.1/STM32CubeIDE/plugins/com.st.stm32cube.ide.mcu.externaltools.gnu-tools-for-stm32.12.3.rel1.win32_1.1.0.202410251130/tools/bin/../lib/gcc/arm-none-eabi/12.3.1/../../../../arm-none-eabi/lib/thumb/v7e-m+fp/hard\libc_nano.a(libc_a-closer.o)
                              C:/ST/STM32CubeIDE_1.14.1/STM32CubeIDE/plugins/com.st.stm32cube.ide.mcu.externaltools.gnu-tools-for-stm32.12.3.rel1.win32_1.1.0.202410251130/tools/bin/../lib/gcc/arm-none-eabi/12.3.1/../../../../arm-none-eabi/lib/thumb/v7e-m+fp/hard\libc_nano.a(libc_a-stdio.o) (_close_r)
C:/ST/STM32CubeIDE_1.14.1/STM32CubeIDE/plugins/com.st.stm32cube.ide.mcu.externaltools.gnu-tools-for-stm32.12.3.rel1.win32_1.1.0.202410251130/tools/bin/../lib/gcc/arm-none-eabi/12.3.1/../../../../arm-none-eabi/lib/thumb/v7e-m+fp/hard\libc_nano.a(libc_a-reent.o)
                              C:/ST/STM32CubeIDE_1.14.1/STM32CubeIDE/plugins/com.st.stm32cube.ide.mcu.externaltools.gnu-tools-for-stm32.12.3.rel1.win32_1.1.0.202410251130/tools/bin/../lib/gcc/arm-none-eabi/12.3.1/../../../../arm-none-eabi/lib/thumb/v7e-m+fp/hard\libc_nano.a(libc_a-closer.o) (errno)
C:/ST/STM32CubeIDE_1.14.1/STM32CubeIDE/plugins/com.st.stm32cube.ide.mcu.externaltools.gnu-tools-for-stm32.12.3.rel1.win32_1.1.0.202410251130/tools/bin/../lib/gcc/arm-none-eabi/12.3.1/../../../../arm-none-eabi/lib/thumb/v7e-m+fp/hard\libc_nano.a(libc_a-impure.o)
                              C:/ST/STM32CubeIDE_1.14.1/STM32CubeIDE/plugins/com.st.stm32cube.ide.mcu.externaltools.gnu-tools-for-stm32.12.3.rel1.win32_1.1.0.202410251130/tools/bin/../lib/gcc/arm-none-eabi/12.3.1/../../../../arm-none-eabi/lib/thumb/v7e-m+fp/hard\libc_nano.a(libc_a-reent.o) (_impure_ptr)
C:/ST/STM32CubeIDE_1.14.1/STM32CubeIDE/plugins/com.st.stm32cube.ide.mcu.externaltools.gnu-tools-for-stm32.12.3.rel1.win32_1.1.0.202410251130/tools/bin/../lib/gcc/arm-none-eabi/12.3.1/../../../../arm-none-eabi/lib/thumb/v7e-m+fp/hard\libc_nano.a(libc_a-lseekr.o)
[...]
Memory Configuration

Name             Origin             Length             Attributes
RAM              0x20000000         0x00020000         xrw
FLASH            0x08000000         0x00080000         xr
*default*        0x00000000         0xffffffff

Linker script and memory map

LOAD C:/ST/STM32CubeIDE_1.14.1/STM32CubeIDE/plugins/com.st.stm32cube.ide.mcu.externaltools.gnu-tools-for-stm32.12.3.rel1.win32_1.1.0.202410251130/tools/bin/../lib/gcc/arm-none-eabi/12.3.1/thumb/v7e-m+fp/hard/crti.o
LOAD C:/ST/STM32CubeIDE_1.14.1/STM32CubeIDE/plugins/com.st.stm32cube.ide.mcu.externaltools.gnu-tools-for-stm32.12.3.rel1.win32_1.1.0.202410251130/tools/bin/../lib/gcc/arm-none-eabi/12.3.1/thumb/v7e-m+fp/hard/crtbegin.o
LOAD C:/ST/STM32CubeIDE_1.14.1/STM32CubeIDE/plugins/com.st.stm32cube.ide.mcu.externaltools.gnu-tools-for-stm32.12.3.rel1.win32_1.1.0.202410251130/tools/bin/../lib/gcc/arm-none-eabi/12.3.1/../../../../arm-none-eabi/lib/thumb/v7e-m+fp/hard/crt0.o
LOAD ./src/ap/ap.o
LOAD ./src/bsp/bsp.o
LOAD ./src/bsp/stm32f4xx_hal_msp.o
LOAD ./src/bsp/stm32f4xx_it.o
LOAD ./src/bsp/syscalls.o
LOAD ./src/bsp/sysmem.o
LOAD ./src/bsp/system_stm32f4xx.o
LOAD ./src/bsp/startup/startup_stm32f411ceux.o
LOAD ./src/hw/driver/led.o
LOAD ./src/hw/hw.o
LOAD ./src/lib/cube_f411ceu6/Drivers/STM32F4xx_HAL_Driver/Src/stm32f4xx_hal.o
LOAD ./src/lib/cube_f411ceu6/Drivers/STM32F4xx_HAL_Driver/Src/stm32f4xx_hal_cortex.o
LOAD ./src/lib/cube_f411ceu6/Drivers/STM32F4xx_HAL_Driver/Src/stm32f4xx_hal_dma.o
LOAD ./src/lib/cube_f411ceu6/Drivers/STM32F4xx_HAL_Driver/Src/stm32f4xx_hal_dma_ex.o
LOAD ./src/lib/cube_f411ceu6/Drivers/STM32F4xx_HAL_Driver/Src/stm32f4xx_hal_exti.o
LOAD ./src/lib/cube_f411ceu6/Drivers/STM32F4xx_HAL_Driver/Src/stm32f4xx_hal_flash.o
LOAD ./src/lib/cube_f411ceu6/Drivers/STM32F4xx_HAL_Driver/Src/stm32f4xx_hal_flash_ex.o
LOAD ./src/lib/cube_f411ceu6/Drivers/STM32F4xx_HAL_Driver/Src/stm32f4xx_hal_flash_ramfunc.o
LOAD ./src/lib/cube_f411ceu6/Drivers/STM32F4xx_HAL_Driver/Src/stm32f4xx_hal_gpio.o
LOAD ./src/lib/cube_f411ceu6/Drivers/STM32F4xx_HAL_Driver/Src/stm32f4xx_hal_pwr.o
LOAD ./src/lib/cube_f411ceu6/Drivers/STM32F4xx_HAL_Driver/Src/stm32f4xx_hal_pwr_ex.o
LOAD ./src/lib/cube_f411ceu6/Drivers/STM32F4xx_HAL_Driver/Src/stm32f4xx_hal_rcc.o
LOAD ./src/lib/cube_f411ceu6/Drivers/STM32F4xx_HAL_Driver/Src/stm32f4xx_hal_rcc_ex.o
LOAD ./src/main.o
START GROUP
LOAD C:/ST/STM32CubeIDE_1.14.1/STM32CubeIDE/plugins/com.st.stm32cube.ide.mcu.externaltools.gnu-tools-for-stm32.12.3.rel1.win32_1.1.0.202410251130/tools/bin/../lib/gcc/arm-none-eabi/12.3.1/../../../../arm-none-eabi/lib/thumb/v7e-m+fp/hard\libc_nano.a
LOAD C:/ST/STM32CubeIDE_1.14.1/STM32CubeIDE/plugins/com.st.stm32cube.ide.mcu.externaltools.gnu-tools-for-stm32.12.3.rel1.win32_1.1.0.202410251130/tools/bin/../lib/gcc/arm-none-eabi/12.3.1/../../../../arm-none-eabi/lib/thumb/v7e-m+fp/hard\libm.a
END GROUP
START GROUP
LOAD C:/ST/STM32CubeIDE_1.14.1/STM32CubeIDE/plugins/com.st.stm32cube.ide.mcu.externaltools.gnu-tools-for-stm32.12.3.rel1.win32_1.1.0.202410251130/tools/bin/../lib/gcc/arm-none-eabi/12.3.1/thumb/v7e-m+fp/hard\libgcc.a
LOAD C:/ST/STM32CubeIDE_1.14.1/STM32CubeIDE/plugins/com.st.stm32cube.ide.mcu.externaltools.gnu-tools-for-stm32.12.3.rel1.win32_1.1.0.202410251130/tools/bin/../lib/gcc/arm-none-eabi/12.3.1/../../../../arm-none-eabi/lib/thumb/v7e-m+fp/hard\libc_nano.a
END GROUP
START GROUP
LOAD C:/ST/STM32CubeIDE_1.14.1/STM32CubeIDE/plugins/com.st.stm32cube.ide.mcu.externaltools.gnu-tools-for-stm32.12.3.rel1.win32_1.1.0.202410251130/tools/bin/../lib/gcc/arm-none-eabi/12.3.1/thumb/v7e-m+fp/hard\libgcc.a
LOAD C:/ST/STM32CubeIDE_1.14.1/STM32CubeIDE/plugins/com.st.stm32cube.ide.mcu.externaltools.gnu-tools-for-stm32.12.3.rel1.win32_1.1.0.202410251130/tools/bin/../lib/gcc/arm-none-eabi/12.3.1/../../../../arm-none-eabi/lib/thumb/v7e-m+fp/hard\libc_nano.a
LOAD C:/ST/STM32CubeIDE_1.14.1/STM32CubeIDE/plugins/com.st.stm32cube.ide.mcu.externaltools.gnu-tools-for-stm32.12.3.rel1.win32_1.1.0.202410251130/tools/bin/../lib/gcc/arm-none-eabi/12.3.1/../../../../arm-none-eabi/lib/thumb/v7e-m+fp/hard\libnosys.a
END GROUP
START GROUP
LOAD C:/ST/STM32CubeIDE_1.14.1/STM32CubeIDE/plugins/com.st.stm32cube.ide.mcu.externaltools.gnu-tools-for-stm32.12.3.rel1.win32_1.1.0.202410251130/tools/bin/../lib/gcc/arm-none-eabi/12.3.1/thumb/v7e-m+fp/hard\libgcc.a
LOAD C:/ST/STM32CubeIDE_1.14.1/STM32CubeIDE/plugins/com.st.stm32cube.ide.mcu.externaltools.gnu-tools-for-stm32.12.3.rel1.win32_1.1.0.202410251130/tools/bin/../lib/gcc/arm-none-eabi/12.3.1/../../../../arm-none-eabi/lib/thumb/v7e-m+fp/hard\libc_nano.a
LOAD C:/ST/STM32CubeIDE_1.14.1/STM32CubeIDE/plugins/com.st.stm32cube.ide.mcu.externaltools.gnu-tools-for-stm32.12.3.rel1.win32_1.1.0.202410251130/tools/bin/../lib/gcc/arm-none-eabi/12.3.1/../../../../arm-none-eabi/lib/thumb/v7e-m+fp/hard\libnosys.a
END GROUP
LOAD C:/ST/STM32CubeIDE_1.14.1/STM32CubeIDE/plugins/com.st.stm32cube.ide.mcu.externaltools.gnu-tools-for-stm32.12.3.rel1.win32_1.1.0.202410251130/tools/bin/../lib/gcc/arm-none-eabi/12.3.1/thumb/v7e-m+fp/hard/crtend.o
LOAD C:/ST/STM32CubeIDE_1.14.1/STM32CubeIDE/plugins/com.st.stm32cube.ide.mcu.externaltools.gnu-tools-for-stm32.12.3.rel1.win32_1.1.0.202410251130/tools/bin/../lib/gcc/arm-none-eabi/12.3.1/thumb/v7e-m+fp/hard/crtn.o
                0x20020000                        _estack = (ORIGIN (RAM) + LENGTH (RAM))
                0x00000200                        _Min_Heap_Size = 0x200
                0x00000400                        _Min_Stack_Size = 0x400

.isr_vector     0x08000000      0x198
                0x08000000                        . = ALIGN (0x4)
 *(.isr_vector)
 .isr_vector    0x08000000      0x198 ./src/bsp/startup/startup_stm32f411ceux.o
                0x08000000                g_pfnVectors
                0x08000198                        . = ALIGN (0x4)

.text           0x08000198     0x15a0
                0x08000198                        . = ALIGN (0x4)
 *(.text)
 .text          0x08000198       0x40 C:/ST/STM32CubeIDE_1.14.1/STM32CubeIDE/plugins/com.st.stm32cube.ide.mcu.externaltools.gnu-tools-for-stm32.12.3.rel1.win32_1.1.0.202410251130/tools/bin/../lib/gcc/arm-none-eabi/12.3.1/thumb/v7e-m+fp/hard/crtbegin.o
 .text          0x080001d8       0x30 C:/ST/STM32CubeIDE_1.14.1/STM32CubeIDE/plugins/com.st.stm32cube.ide.mcu.externaltools.gnu-tools-for-stm32.12.3.rel1.win32_1.1.0.202410251130/tools/bin/../lib/gcc/arm-none-eabi/12.3.1/thumb/v7e-m+fp/hard\libgcc.a(_aeabi_uldivmod.o)
                0x080001d8                __aeabi_uldivmod
 .text          0x08000208      0x2bc C:/ST/STM32CubeIDE_1.14.1/STM32CubeIDE/plugins/com.st.stm32cube.ide.mcu.externaltools.gnu-tools-for-stm32.12.3.rel1.win32_1.1.0.202410251130/tools/bin/../lib/gcc/arm-none-eabi/12.3.1/thumb/v7e-m+fp/hard\libgcc.a(_udivmoddi4.o)
                0x08000208                __udivmoddi4
 .text          0x080004c4        0x4 C:/ST/STM32CubeIDE_1.14.1/STM32CubeIDE/plugins/com.st.stm32cube.ide.mcu.externaltools.gnu-tools-for-stm32.12.3.rel1.win32_1.1.0.202410251130/tools/bin/../lib/gcc/arm-none-eabi/12.3.1/thumb/v7e-m+fp/hard\libgcc.a(_dvmd_tls.o)
                0x080004c4                __aeabi_idiv0
                0x080004c4                __aeabi_ldiv0
 *(.text*)
 .text.apInit   0x080004c8        0xe ./src/ap/ap.o
                0x080004c8                apInit
 .text.apMain   0x080004d6       0x16 ./src/ap/ap.o
                0x080004d6                apMain
 .text.bspInit  0x080004ec       0x54 ./src/bsp/bsp.o
                0x080004ec                bspInit
 .text.delay    0x08000540       0x16 ./src/bsp/bsp.o
                0x08000540                delay
 *fill*         0x08000556        0x2 
 .text.SystemClock_Config
                0x08000558       0xd0 ./src/bsp/bsp.o
                0x08000558                SystemClock_Config
 .text.Error_Handler
                0x08000628        0xc ./src/bsp/bsp.o
                0x08000628                Error_Handler
 .text.HAL_MspInit
                0x08000634       0x50 ./src/bsp/stm32f4xx_hal_msp.o
                0x08000634                HAL_MspInit
 .text.NMI_Handler
                0x08000684        0x8 ./src/bsp/stm32f4xx_it.o
                0x08000684                NMI_Handler
 .text.HardFault_Handler
                0x0800068c        0x8 ./src/bsp/stm32f4xx_it.o
                0x0800068c                HardFault_Handler
 .text.MemManage_Handler
                0x08000694        0x8 ./src/bsp/stm32f4xx_it.o
                0x08000694                MemManage_Handler
 .text.BusFault_Handler
                0x0800069c        0x8 ./src/bsp/stm32f4xx_it.o
                0x0800069c                BusFault_Handler
 .text.UsageFault_Handler
                0x080006a4        0x8 ./src/bsp/stm32f4xx_it.o
                0x080006a4                UsageFault_Handler
 .text.SVC_Handler
                0x080006ac        0xe ./src/bsp/stm32f4xx_it.o
                0x080006ac                SVC_Handler
 .text.DebugMon_Handler
                0x080006ba        0xe ./src/bsp/stm32f4xx_it.o
                0x080006ba                DebugMon_Handler
 .text.PendSV_Handler
                0x080006c8        0xe ./src/bsp/stm32f4xx_it.o
                0x080006c8                PendSV_Handler
 .text.SysTick_Handler
                0x080006d6        0xc ./src/bsp/stm32f4xx_it.o
                0x080006d6                SysTick_Handler
 *fill*         0x080006e2        0x2 
 .text.SystemInit
                0x080006e4       0x24 ./src/bsp/system_stm32f4xx.o
                0x080006e4                SystemInit
 .text.Reset_Handler
                0x08000708       0x50 ./src/bsp/startup/startup_stm32f411ceux.o
                0x08000708                Reset_Handler
 .text.Default_Handler
                0x08000758        0x2 ./src/bsp/startup/startup_stm32f411ceux.o
                0x08000758                RTC_Alarm_IRQHandler
                0x08000758                EXTI2_IRQHandler
                0x08000758                SPI4_IRQHandler
                0x08000758                TIM1_CC_IRQHandler
                0x08000758                DMA2_Stream5_IRQHandler
                0x08000758                DMA1_Stream5_IRQHandler
                0x08000758                PVD_IRQHandler
                0x08000758                SDIO_IRQHandler
                0x08000758                TAMP_STAMP_IRQHandler
                0x08000758                EXTI3_IRQHandler
                0x08000758                TIM1_UP_TIM10_IRQHandler
                0x08000758                I2C3_ER_IRQHandler
                0x08000758                EXTI0_IRQHandler
                0x08000758                I2C2_EV_IRQHandler
                0x08000758                DMA1_Stream2_IRQHandler
                0x08000758                DMA2_Stream2_IRQHandler
                0x08000758                SPI1_IRQHandler
                0x08000758                TIM1_BRK_TIM9_IRQHandler
                0x08000758                DMA2_Stream3_IRQHandler
                0x08000758                USART6_IRQHandler
                0x08000758                DMA2_Stream0_IRQHandler
                0x08000758                TIM4_IRQHandler
                0x08000758                I2C1_EV_IRQHandler
                0x08000758                DMA1_Stream6_IRQHandler
                0x08000758                DMA1_Stream1_IRQHandler
                0x08000758                TIM3_IRQHandler
                0x08000758                RCC_IRQHandler
                0x08000758                Default_Handler
                0x08000758                EXTI15_10_IRQHandler
                0x08000758                ADC_IRQHandler
                0x08000758                DMA1_Stream7_IRQHandler
                0x08000758                SPI5_IRQHandler
                0x08000758                TIM5_IRQHandler
                0x08000758                DMA2_Stream7_IRQHandler
                0x08000758                I2C3_EV_IRQHandler
                0x08000758                EXTI9_5_IRQHandler
                0x08000758                RTC_WKUP_IRQHandler
                0x08000758                SPI2_IRQHandler
                0x08000758                DMA1_Stream0_IRQHandler
                0x08000758                EXTI4_IRQHandler
                0x08000758                WWDG_IRQHandler
                0x08000758                TIM2_IRQHandler
                0x08000758                OTG_FS_WKUP_IRQHandler
                0x08000758                TIM1_TRG_COM_TIM11_IRQHandler
                0x08000758                EXTI1_IRQHandler
                0x08000758                USART2_IRQHandler
                0x08000758                I2C2_ER_IRQHandler
                0x08000758                DMA2_Stream1_IRQHandler
                0x08000758                FLASH_IRQHandler
                0x08000758                DMA2_Stream4_IRQHandler
                0x08000758                USART1_IRQHandler
                0x08000758                OTG_FS_IRQHandler
                0x08000758                SPI3_IRQHandler
                0x08000758                DMA1_Stream4_IRQHandler
                0x08000758                I2C1_ER_IRQHandler
                0x08000758                DMA2_Stream6_IRQHandler
                0x08000758                DMA1_Stream3_IRQHandler
 *fill*         0x0800075a        0x2 
 .text.ledInit  0x0800075c       0x74 ./src/hw/driver/led.o
                0x0800075c                ledInit
 .text.ledToggle
                0x080007d0       0x20 ./src/hw/driver/led.o
                0x080007d0                ledToggle
 .text.hwInit   0x080007f0       0x10 ./src/hw/hw.o
                0x080007f0                hwInit
 .text.HAL_Init
                0x08000800       0x44 ./src/lib/cube_f411ceu6/Drivers/STM32F4xx_HAL_Driver/Src/stm32f4xx_hal.o
                0x08000800                HAL_Init
 .text.HAL_InitTick
                0x08000844       0x60 ./src/lib/cube_f411ceu6/Drivers/STM32F4xx_HAL_Driver/Src/stm32f4xx_hal.o
                0x08000844                HAL_InitTick
 .text.HAL_IncTick
                0x080008a4       0x28 ./src/lib/cube_f411ceu6/Drivers/STM32F4xx_HAL_Driver/Src/stm32f4xx_hal.o
                0x080008a4                HAL_IncTick
 .text.HAL_GetTick
                0x080008cc       0x18 ./src/lib/cube_f411ceu6/Drivers/STM32F4xx_HAL_Driver/Src/stm32f4xx_hal.o
                0x080008cc                HAL_GetTick
 .text.HAL_Delay
                0x080008e4       0x48 ./src/lib/cube_f411ceu6/Drivers/STM32F4xx_HAL_Driver/Src/stm32f4xx_hal.o
                0x080008e4                HAL_Delay
 .text.__NVIC_SetPriorityGrouping
                0x0800092c       0x48 ./src/lib/cube_f411ceu6/Drivers/STM32F4xx_HAL_Driver/Src/stm32f4xx_hal_cortex.o
 .text.__NVIC_GetPriorityGrouping
                0x08000974       0x1c ./src/lib/cube_f411ceu6/Drivers/STM32F4xx_HAL_Driver/Src/stm32f4xx_hal_cortex.o
 .text.__NVIC_SetPriority
                0x08000990       0x54 ./src/lib/cube_f411ceu6/Drivers/STM32F4xx_HAL_Driver/Src/stm32f4xx_hal_cortex.o
 .text.NVIC_EncodePriority
                0x080009e4       0x66 ./src/lib/cube_f411ceu6/Drivers/STM32F4xx_HAL_Driver/Src/stm32f4xx_hal_cortex.o
 *fill*         0x08000a4a        0x2 
 .text.SysTick_Config
                0x08000a4c       0x44 ./src/lib/cube_f411ceu6/Drivers/STM32F4xx_HAL_Driver/Src/stm32f4xx_hal_cortex.o
 .text.HAL_NVIC_SetPriorityGrouping
                0x08000a90       0x16 ./src/lib/cube_f411ceu6/Drivers/STM32F4xx_HAL_Driver/Src/stm32f4xx_hal_cortex.o
                0x08000a90                HAL_NVIC_SetPriorityGrouping
 .text.HAL_NVIC_SetPriority
                0x08000aa6       0x38 ./src/lib/cube_f411ceu6/Drivers/STM32F4xx_HAL_Driver/Src/stm32f4xx_hal_cortex.o
                0x08000aa6                HAL_NVIC_SetPriority
 .text.HAL_SYSTICK_Config
                0x08000ade       0x18 ./src/lib/cube_f411ceu6/Drivers/STM32F4xx_HAL_Driver/Src/stm32f4xx_hal_cortex.o
                0x08000ade                HAL_SYSTICK_Config
 *fill*         0x08000af6        0x2 
 .text.HAL_GPIO_Init
                0x08000af8      0x308 ./src/lib/cube_f411ceu6/Drivers/STM32F4xx_HAL_Driver/Src/stm32f4xx_hal_gpio.o
                0x08000af8                HAL_GPIO_Init
 .text.HAL_GPIO_WritePin
                0x08000e00       0x32 ./src/lib/cube_f411ceu6/Drivers/STM32F4xx_HAL_Driver/Src/stm32f4xx_hal_gpio.o
                0x08000e00                HAL_GPIO_WritePin
 .text.HAL_GPIO_TogglePin
                0x08000e32       0x34 ./src/lib/cube_f411ceu6/Drivers/STM32F4xx_HAL_Driver/Src/stm32f4xx_hal_gpio.o
                0x08000e32                HAL_GPIO_TogglePin
 *fill*         0x08000e66        0x2 
 .text.HAL_RCC_OscConfig
                0x08000e68      0x4f0 ./src/lib/cube_f411ceu6/Drivers/STM32F4xx_HAL_Driver/Src/stm32f4xx_hal_rcc.o
                0x08000e68                HAL_RCC_OscConfig
 .text.HAL_RCC_ClockConfig
                0x08001358      0x1cc ./src/lib/cube_f411ceu6/Drivers/STM32F4xx_HAL_Driver/Src/stm32f4xx_hal_rcc.o
                0x08001358                HAL_RCC_ClockConfig
 .text.HAL_RCC_GetSysClockFreq
                0x08001524      0x18c ./src/lib/cube_f411ceu6/Drivers/STM32F4xx_HAL_Driver/Src/stm32f4xx_hal_rcc.o
                0x08001524                HAL_RCC_GetSysClockFreq
 .text.main     0x080016b0       0x16 ./src/main.o
                0x080016b0                main
 .text.memset   0x080016c6       0x10 C:/ST/STM32CubeIDE_1.14.1/STM32CubeIDE/plugins/com.st.stm32cube.ide.mcu.externaltools.gnu-tools-for-stm32.12.3.rel1.win32_1.1.0.202410251130/tools/bin/../lib/gcc/arm-none-eabi/12.3.1/../../../../arm-none-eabi/lib/thumb/v7e-m+fp/hard\libc_nano.a(libc_a-memset.o)
                0x080016c6                memset
 *fill*         0x080016d6        0x2 
 .text.__libc_init_array
                0x080016d8       0x48 C:/ST/STM32CubeIDE_1.14.1/STM32CubeIDE/plugins/com.st.stm32cube.ide.mcu.externaltools.gnu-tools-for-stm32.12.3.rel1.win32_1.1.0.202410251130/tools/bin/../lib/gcc/arm-none-eabi/12.3.1/../../../../arm-none-eabi/lib/thumb/v7e-m+fp/hard\libc_nano.a(libc_a-init.o)
                0x080016d8                __libc_init_array
 *(.glue_7)
 .glue_7        0x08001720        0x0 linker stubs
 *(.glue_7t)
 .glue_7t       0x08001720        0x0 linker stubs
 *(.eh_frame)
 .eh_frame      0x08001720        0x0 C:/ST/STM32CubeIDE_1.14.1/STM32CubeIDE/plugins/com.st.stm32cube.ide.mcu.externaltools.gnu-tools-for-stm32.12.3.rel1.win32_1.1.0.202410251130/tools/bin/../lib/gcc/arm-none-eabi/12.3.1/thumb/v7e-m+fp/hard/crtbegin.o
 *(.init)
 .init          0x08001720        0x4 C:/ST/STM32CubeIDE_1.14.1/STM32CubeIDE/plugins/com.st.stm32cube.ide.mcu.externaltools.gnu-tools-for-stm32.12.3.rel1.win32_1.1.0.202410251130/tools/bin/../lib/gcc/arm-none-eabi/12.3.1/thumb/v7e-m+fp/hard/crti.o
                0x08001720                _init
 .init          0x08001724        0x8 C:/ST/STM32CubeIDE_1.14.1/STM32CubeIDE/plugins/com.st.stm32cube.ide.mcu.externaltools.gnu-tools-for-stm32.12.3.rel1.win32_1.1.0.202410251130/tools/bin/../lib/gcc/arm-none-eabi/12.3.1/thumb/v7e-m+fp/hard/crtn.o
 *(.fini)
 .fini          0x0800172c        0x4 C:/ST/STM32CubeIDE_1.14.1/STM32CubeIDE/plugins/com.st.stm32cube.ide.mcu.externaltools.gnu-tools-for-stm32.12.3.rel1.win32_1.1.0.202410251130/tools/bin/../lib/gcc/arm-none-eabi/12.3.1/thumb/v7e-m+fp/hard/crti.o
                0x0800172c                _fini
 .fini          0x08001730        0x8 C:/ST/STM32CubeIDE_1.14.1/STM32CubeIDE/plugins/com.st.stm32cube.ide.mcu.externaltools.gnu-tools-for-stm32.12.3.rel1.win32_1.1.0.202410251130/tools/bin/../lib/gcc/arm-none-eabi/12.3.1/thumb/v7e-m+fp/hard/crtn.o
                0x08001738                        . = ALIGN (0x4)
                0x08001738                        _etext = .

.vfp11_veneer   0x08001738        0x0
 .vfp11_veneer  0x08001738        0x0 linker stubs

.v4_bx          0x08001738        0x0
 .v4_bx         0x08001738        0x0 linker stubs

.iplt           0x08001738        0x0
 .iplt          0x08001738        0x0 C:/ST/STM32CubeIDE_1.14.1/STM32CubeIDE/plugins/com.st.stm32cube.ide.mcu.externaltools.gnu-tools-for-stm32.12.3.rel1.win32_1.1.0.202410251130/tools/bin/../lib/gcc/arm-none-eabi/12.3.1/thumb/v7e-m+fp/hard/crtbegin.o

.rodata         0x08001738       0x10
                0x08001738                        . = ALIGN (0x4)
 *(.rodata)
 *(.rodata*)
 .rodata.AHBPrescTable
                0x08001738       0x10 ./src/bsp/system_stm32f4xx.o
                0x08001738                AHBPrescTable
                0x08001748                        . = ALIGN (0x4)

.ARM.extab      0x08001748        0x0
                0x08001748                        . = ALIGN (0x4)
 *(.ARM.extab* .gnu.linkonce.armextab.*)
                0x08001748                        . = ALIGN (0x4)

.ARM            0x08001748        0x8
                0x08001748                        . = ALIGN (0x4)
                0x08001748                        __exidx_start = .
 *(.ARM.exidx*)
 .ARM.exidx     0x08001748        0x8 C:/ST/STM32CubeIDE_1.14.1/STM32CubeIDE/plugins/com.st.stm32cube.ide.mcu.externaltools.gnu-tools-for-stm32.12.3.rel1.win32_1.1.0.202410251130/tools/bin/../lib/gcc/arm-none-eabi/12.3.1/thumb/v7e-m+fp/hard\libgcc.a(_udivmoddi4.o)
                0x08001750                        __exidx_end = .
                0x08001750                        . = ALIGN (0x4)

.preinit_array  0x08001750        0x0
                0x08001750                        . = ALIGN (0x4)
                0x08001750                        PROVIDE (__preinit_array_start = .)
 *(.preinit_array*)
                0x08001750                        PROVIDE (__preinit_array_end = .)
                0x08001750                        . = ALIGN (0x4)

.init_array     0x08001750        0x4
                0x08001750                        . = ALIGN (0x4)
                0x08001750                        PROVIDE (__init_array_start = .)
 *(SORT_BY_NAME(.init_array.*))
 *(.init_array*)
 .init_array    0x08001750        0x4 C:/ST/STM32CubeIDE_1.14.1/STM32CubeIDE/plugins/com.st.stm32cube.ide.mcu.externaltools.gnu-tools-for-stm32.12.3.rel1.win32_1.1.0.202410251130/tools/bin/../lib/gcc/arm-none-eabi/12.3.1/thumb/v7e-m+fp/hard/crtbegin.o
                0x08001754                        PROVIDE (__init_array_end = .)
                0x08001754                        . = ALIGN (0x4)

.fini_array     0x08001754        0x4
                0x08001754                        . = ALIGN (0x4)
                [!provide]                        PROVIDE (__fini_array_start = .)
 *(SORT_BY_NAME(.fini_array.*))
 *(.fini_array*)
 .fini_array    0x08001754        0x4 C:/ST/STM32CubeIDE_1.14.1/STM32CubeIDE/plugins/com.st.stm32cube.ide.mcu.externaltools.gnu-tools-for-stm32.12.3.rel1.win32_1.1.0.202410251130/tools/bin/../lib/gcc/arm-none-eabi/12.3.1/thumb/v7e-m+fp/hard/crtbegin.o
                [!provide]                        PROVIDE (__fini_array_end = .)
                0x08001758                        . = ALIGN (0x4)
                0x08001758                        _sidata = LOADADDR (.data)

.rel.dyn        0x08001758        0x0
 .rel.iplt      0x08001758        0x0 C:/ST/STM32CubeIDE_1.14.1/STM32CubeIDE/plugins/com.st.stm32cube.ide.mcu.externaltools.gnu-tools-for-stm32.12.3.rel1.win32_1.1.0.202410251130/tools/bin/../lib/gcc/arm-none-eabi/12.3.1/thumb/v7e-m+fp/hard/crtbegin.o

.data           0x20000000        0xc load address 0x08001758
                0x20000000                        . = ALIGN (0x4)
                0x20000000                        _sdata = .
 *(.data)
 *(.data*)
 .data.SystemCoreClock
                0x20000000        0x4 ./src/bsp/system_stm32f4xx.o
                0x20000000                SystemCoreClock
 .data.uwTickPrio
                0x20000004        0x4 ./src/lib/cube_f411ceu6/Drivers/STM32F4xx_HAL_Driver/Src/stm32f4xx_hal.o
                0x20000004                uwTickPrio
 .data.uwTickFreq
                0x20000008        0x1 ./src/lib/cube_f411ceu6/Drivers/STM32F4xx_HAL_Driver/Src/stm32f4xx_hal.o
                0x20000008                uwTickFreq
 *(.RamFunc)
 *(.RamFunc*)
                0x2000000c                        . = ALIGN (0x4)
 *fill*         0x20000009        0x3 
                0x2000000c                        _edata = .

.igot.plt       0x2000000c        0x0 load address 0x08001764
 .igot.plt      0x2000000c        0x0 C:/ST/STM32CubeIDE_1.14.1/STM32CubeIDE/plugins/com.st.stm32cube.ide.mcu.externaltools.gnu-tools-for-stm32.12.3.rel1.win32_1.1.0.202410251130/tools/bin/../lib/gcc/arm-none-eabi/12.3.1/thumb/v7e-m+fp/hard/crtbegin.o
                0x2000000c                        . = ALIGN (0x4)

.bss            0x2000000c       0x20 load address 0x08001764
                0x2000000c                        _sbss = .
                0x2000000c                        __bss_start__ = _sbss
 *(.bss)
 .bss           0x2000000c       0x1c C:/ST/STM32CubeIDE_1.14.1/STM32CubeIDE/plugins/com.st.stm32cube.ide.mcu.externaltools.gnu-tools-for-stm32.12.3.rel1.win32_1.1.0.202410251130/tools/bin/../lib/gcc/arm-none-eabi/12.3.1/thumb/v7e-m+fp/hard/crtbegin.o
 *(.bss*)
 .bss.uwTick    0x20000028        0x4 ./src/lib/cube_f411ceu6/Drivers/STM32F4xx_HAL_Driver/Src/stm32f4xx_hal.o
                0x20000028                uwTick
 *(COMMON)
                0x2000002c                        . = ALIGN (0x4)
                0x2000002c                        _ebss = .
                0x2000002c                        __bss_end__ = _ebss

._user_heap_stack
                0x2000002c      0x604 load address 0x08001764
                0x20000030                        . = ALIGN (0x8)
 *fill*         0x2000002c        0x4 
                [!provide]                        PROVIDE (end = .)
                0x20000030                        PROVIDE (_end = .)
                0x20000230                        . = (. + _Min_Heap_Size)
 *fill*         0x20000030      0x200 
                0x20000630                        . = (. + _Min_Stack_Size)
 *fill*         0x20000230      0x400 
                0x20000630                        . = ALIGN (0x8)

/DISCARD/
 libc.a(*)
 libm.a(*)
 libgcc.a(*)

.ARM.attributes
                0x00000000       0x30
 *(.ARM.attributes)
 .ARM.attributes
                0x00000000       0x22 C:/ST/STM32CubeIDE_1.14.1/STM32CubeIDE/plugins/com.st.stm32cube.ide.mcu.externaltools.gnu-tools-for-stm32.12.3.rel1.win32_1.1.0.202410251130/tools/bin/../lib/gcc/arm-none-eabi/12.3.1/thumb/v7e-m+fp/hard/crti.o
 .ARM.attributes
                0x00000022       0x34 C:/ST/STM32CubeIDE_1.14.1/STM32CubeIDE/plugins/com.st.stm32cube.ide.mcu.externaltools.gnu-tools-for-stm32.12.3.rel1.win32_1.1.0.202410251130/tools/bin/../lib/gcc/arm-none-eabi/12.3.1/thumb/v7e-m+fp/hard/crtbegin.o
 .ARM.attributes
                0x00000056       0x34 ./src/ap/ap.o
 .ARM.attributes
                0x0000008a       0x34 ./src/bsp/bsp.o
 .ARM.attributes
                0x000000be       0x34 ./src/bsp/stm32f4xx_hal_msp.o
 .ARM.attributes
                0x000000f2       0x34 ./src/bsp/stm32f4xx_it.o
 .ARM.attributes
                0x00000126       0x34 ./src/bsp/system_stm32f4xx.o
 .ARM.attributes
                0x0000015a       0x21 ./src/bsp/startup/startup_stm32f411ceux.o
 .ARM.attributes
                0x0000017b       0x34 ./src/hw/driver/led.o
 .ARM.attributes
                0x000001af       0x34 ./src/hw/hw.o
 .ARM.attributes
                0x000001e3       0x34 ./src/lib/cube_f411ceu6/Drivers/STM32F4xx_HAL_Driver/Src/stm32f4xx_hal.o
 .ARM.attributes
                0x00000217       0x34 ./src/lib/cube_f411ceu6/Drivers/STM32F4xx_HAL_Driver/Src/stm32f4xx_hal_cortex.o
 .ARM.attributes
                0x0000024b       0x34 ./src/lib/cube_f411ceu6/Drivers/STM32F4xx_HAL_Driver/Src/stm32f4xx_hal_gpio.o
 .ARM.attributes
                0x0000027f       0x34 ./src/lib/cube_f411ceu6/Drivers/STM32F4xx_HAL_Driver/Src/stm32f4xx_hal_rcc.o
 .ARM.attributes
                0x000002b3       0x34 ./src/main.o
 .ARM.attributes
                0x000002e7       0x34 C:/ST/STM32CubeIDE_1.14.1/STM32CubeIDE/plugins/com.st.stm32cube.ide.mcu.externaltools.gnu-tools-for-stm32.12.3.rel1.win32_1.1.0.202410251130/tools/bin/../lib/gcc/arm-none-eabi/12.3.1/../../../../arm-none-eabi/lib/thumb/v7e-m+fp/hard\libc_nano.a(libc_a-memset.o)
 .ARM.attributes
                0x0000031b       0x34 C:/ST/STM32CubeIDE_1.14.1/STM32CubeIDE/plugins/com.st.stm32cube.ide.mcu.externaltools.gnu-tools-for-stm32.12.3.rel1.win32_1.1.0.202410251130/tools/bin/../lib/gcc/arm-none-eabi/12.3.1/../../../../arm-none-eabi/lib/thumb/v7e-m+fp/hard\libc_nano.a(libc_a-init.o)
 .ARM.attributes
                0x0000034f       0x22 C:/ST/STM32CubeIDE_1.14.1/STM32CubeIDE/plugins/com.st.stm32cube.ide.mcu.externaltools.gnu-tools-for-stm32.12.3.rel1.win32_1.1.0.202410251130/tools/bin/../lib/gcc/arm-none-eabi/12.3.1/thumb/v7e-m+fp/hard\libgcc.a(_aeabi_uldivmod.o)
 .ARM.attributes
                0x00000371       0x34 C:/ST/STM32CubeIDE_1.14.1/STM32CubeIDE/plugins/com.st.stm32cube.ide.mcu.externaltools.gnu-tools-for-stm32.12.3.rel1.win32_1.1.0.202410251130/tools/bin/../lib/gcc/arm-none-eabi/12.3.1/thumb/v7e-m+fp/hard\libgcc.a(_udivmoddi4.o)
 .ARM.attributes
                0x000003a5       0x22 C:/ST/STM32CubeIDE_1.14.1/STM32CubeIDE/plugins/com.st.stm32cube.ide.mcu.externaltools.gnu-tools-for-stm32.12.3.rel1.win32_1.1.0.202410251130/tools/bin/../lib/gcc/arm-none-eabi/12.3.1/thumb/v7e-m+fp/hard\libgcc.a(_dvmd_tls.o)
 .ARM.attributes
                0x000003c7       0x22 C:/ST/STM32CubeIDE_1.14.1/STM32CubeIDE/plugins/com.st.stm32cube.ide.mcu.externaltools.gnu-tools-for-stm32.12.3.rel1.win32_1.1.0.202410251130/tools/bin/../lib/gcc/arm-none-eabi/12.3.1/thumb/v7e-m+fp/hard/crtn.o
OUTPUT(stm32f411ceu6_fw.elf elf32-littlearm)
LOAD linker stubs
LOAD C:/ST/STM32CubeIDE_1.14.1/STM32CubeIDE/plugins/com.st.stm32cube.ide.mcu.externaltools.gnu-tools-for-stm32.12.3.rel1.win32_1.1.0.202410251130/tools/bin/../lib/gcc/arm-none-eabi/12.3.1/../../../../arm-none-eabi/lib/thumb/v7e-m+fp/hard\libc.a
LOAD C:/ST/STM32CubeIDE_1.14.1/STM32CubeIDE/plugins/com.st.stm32cube.ide.mcu.externaltools.gnu-tools-for-stm32.12.3.rel1.win32_1.1.0.202410251130/tools/bin/../lib/gcc/arm-none-eabi/12.3.1/../../../../arm-none-eabi/lib/thumb/v7e-m+fp/hard\libm.a
LOAD C:/ST/STM32CubeIDE_1.14.1/STM32CubeIDE/plugins/com.st.stm32cube.ide.mcu.externaltools.gnu-tools-for-stm32.12.3.rel1.win32_1.1.0.202410251130/tools/bin/../lib/gcc/arm-none-eabi/12.3.1/thumb/v7e-m+fp/hard\libgcc.a

.debug_info     0x00000000     0x3b1b
 .debug_info    0x00000000       0xf5 ./src/ap/ap.o
 .debug_info    0x000000f5      0x563 ./src/bsp/bsp.o
 .debug_info    0x00000658      0x298 ./src/bsp/stm32f4xx_hal_msp.o
 .debug_info    0x000008f0      0x119 ./src/bsp/stm32f4xx_it.o
 .debug_info    0x00000a09      0x537 ./src/bsp/system_stm32f4xx.o
 .debug_info    0x00000f40       0x30 ./src/bsp/startup/startup_stm32f411ceux.o
 .debug_info    0x00000f70      0x498 ./src/hw/driver/led.o
 .debug_info    0x00001408       0xac ./src/hw/hw.o
 .debug_info    0x000014b4      0x8c4 ./src/lib/cube_f411ceu6/Drivers/STM32F4xx_HAL_Driver/Src/stm32f4xx_hal.o
 .debug_info    0x00001d78      0xcfc ./src/lib/cube_f411ceu6/Drivers/STM32F4xx_HAL_Driver/Src/stm32f4xx_hal_cortex.o
 .debug_info    0x00002a74      0x6f9 ./src/lib/cube_f411ceu6/Drivers/STM32F4xx_HAL_Driver/Src/stm32f4xx_hal_gpio.o
 .debug_info    0x0000316d      0x904 ./src/lib/cube_f411ceu6/Drivers/STM32F4xx_HAL_Driver/Src/stm32f4xx_hal_rcc.o
 .debug_info    0x00003a71       0xaa ./src/main.o

.debug_abbrev   0x00000000     0x1149
 .debug_abbrev  0x00000000       0x8a ./src/ap/ap.o
 .debug_abbrev  0x0000008a      0x1f3 ./src/bsp/bsp.o
 .debug_abbrev  0x0000027d       0xd8 ./src/bsp/stm32f4xx_hal_msp.o
 .debug_abbrev  0x00000355       0x73 ./src/bsp/stm32f4xx_it.o
 .debug_abbrev  0x000003c8      0x11a ./src/bsp/system_stm32f4xx.o
 .debug_abbrev  0x000004e2       0x24 ./src/bsp/startup/startup_stm32f411ceux.o
 .debug_abbrev  0x00000506      0x18a ./src/hw/driver/led.o
 .debug_abbrev  0x00000690       0x6d ./src/hw/hw.o
 .debug_abbrev  0x000006fd      0x24b ./src/lib/cube_f411ceu6/Drivers/STM32F4xx_HAL_Driver/Src/stm32f4xx_hal.o
 .debug_abbrev  0x00000948      0x31d ./src/lib/cube_f411ceu6/Drivers/STM32F4xx_HAL_Driver/Src/stm32f4xx_hal_cortex.o
 .debug_abbrev  0x00000c65      0x1d3 ./src/lib/cube_f411ceu6/Drivers/STM32F4xx_HAL_Driver/Src/stm32f4xx_hal_gpio.o
 .debug_abbrev  0x00000e38      0x2b6 ./src/lib/cube_f411ceu6/Drivers/STM32F4xx_HAL_Driver/Src/stm32f4xx_hal_rcc.o
 .debug_abbrev  0x000010ee       0x5b ./src/main.o

.debug_aranges  0x00000000      0x4b0
 .debug_aranges
                0x00000000       0x28 ./src/ap/ap.o
 .debug_aranges
                0x00000028       0x40 ./src/bsp/bsp.o
 .debug_aranges
                0x00000068       0x20 ./src/bsp/stm32f4xx_hal_msp.o
 .debug_aranges
                0x00000088       0x60 ./src/bsp/stm32f4xx_it.o
 .debug_aranges
                0x000000e8       0x28 ./src/bsp/system_stm32f4xx.o
 .debug_aranges
                0x00000110       0x28 ./src/bsp/startup/startup_stm32f411ceux.o
 .debug_aranges
                0x00000138       0x38 ./src/hw/driver/led.o
 .debug_aranges
                0x00000170       0x20 ./src/hw/hw.o
 .debug_aranges
                0x00000190       0xf0 ./src/lib/cube_f411ceu6/Drivers/STM32F4xx_HAL_Driver/Src/stm32f4xx_hal.o
 .debug_aranges
                0x00000280      0x130 ./src/lib/cube_f411ceu6/Drivers/STM32F4xx_HAL_Driver/Src/stm32f4xx_hal_cortex.o
 .debug_aranges
                0x000003b0       0x58 ./src/lib/cube_f411ceu6/Drivers/STM32F4xx_HAL_Driver/Src/stm32f4xx_hal_gpio.o
 .debug_aranges
                0x00000408       0x88 ./src/lib/cube_f411ceu6/Drivers/STM32F4xx_HAL_Driver/Src/stm32f4xx_hal_rcc.o
 .debug_aranges
                0x00000490       0x20 ./src/main.o

.debug_rnglists
                0x00000000      0x34d
 .debug_rnglists
                0x00000000       0x19 ./src/ap/ap.o
 .debug_rnglists
                0x00000019       0x2c ./src/bsp/bsp.o
 .debug_rnglists
                0x00000045       0x13 ./src/bsp/stm32f4xx_hal_msp.o
 .debug_rnglists
                0x00000058       0x43 ./src/bsp/stm32f4xx_it.o
 .debug_rnglists
                0x0000009b       0x1a ./src/bsp/system_stm32f4xx.o
 .debug_rnglists
                0x000000b5       0x19 ./src/bsp/startup/startup_stm32f411ceux.o
 .debug_rnglists
                0x000000ce       0x25 ./src/hw/driver/led.o
 .debug_rnglists
                0x000000f3       0x13 ./src/hw/hw.o
 .debug_rnglists
                0x00000106       0xaf ./src/lib/cube_f411ceu6/Drivers/STM32F4xx_HAL_Driver/Src/stm32f4xx_hal.o
 .debug_rnglists
                0x000001b5       0xe0 ./src/lib/cube_f411ceu6/Drivers/STM32F4xx_HAL_Driver/Src/stm32f4xx_hal_cortex.o
 .debug_rnglists
                0x00000295       0x3f ./src/lib/cube_f411ceu6/Drivers/STM32F4xx_HAL_Driver/Src/stm32f4xx_hal_gpio.o
 .debug_rnglists
                0x000002d4       0x66 ./src/lib/cube_f411ceu6/Drivers/STM32F4xx_HAL_Driver/Src/stm32f4xx_hal_rcc.o
 .debug_rnglists
                0x0000033a       0x13 ./src/main.o

.debug_macro    0x00000000    0x15bbf
 .debug_macro   0x00000000      0x2d6 ./src/ap/ap.o
 .debug_macro   0x000002d6      0xaa8 ./src/ap/ap.o
 .debug_macro   0x00000d7e       0x22 ./src/ap/ap.o
 .debug_macro   0x00000da0       0x5b ./src/ap/ap.o
 .debug_macro   0x00000dfb       0x2a ./src/ap/ap.o
 .debug_macro   0x00000e25       0x94 ./src/ap/ap.o
 .debug_macro   0x00000eb9       0x43 ./src/ap/ap.o
 .debug_macro   0x00000efc       0x34 ./src/ap/ap.o
 .debug_macro   0x00000f30       0x16 ./src/ap/ap.o
 .debug_macro   0x00000f46       0x57 ./src/ap/ap.o
 .debug_macro   0x00000f9d       0x9e ./src/ap/ap.o
 .debug_macro   0x0000103b      0x369 ./src/ap/ap.o
 .debug_macro   0x000013a4      0x10b ./src/ap/ap.o
 .debug_macro   0x000014af       0x10 ./src/ap/ap.o
 .debug_macro   0x000014bf       0x16 ./src/ap/ap.o
 .debug_macro   0x000014d5       0x43 ./src/ap/ap.o
 .debug_macro   0x00001518       0x34 ./src/ap/ap.o
 .debug_macro   0x0000154c       0x10 ./src/ap/ap.o
 .debug_macro   0x0000155c       0x58 ./src/ap/ap.o
 .debug_macro   0x000015b4       0x8e ./src/ap/ap.o
 .debug_macro   0x00001642       0x1c ./src/ap/ap.o
 .debug_macro   0x0000165e      0x177 ./src/ap/ap.o
 .debug_macro   0x000017d5       0x16 ./src/ap/ap.o
 .debug_macro   0x000017eb       0x16 ./src/ap/ap.o
 .debug_macro   0x00001801      0x146 ./src/ap/ap.o
 .debug_macro   0x00001947      0x103 ./src/ap/ap.o
 .debug_macro   0x00001a4a       0x6a ./src/ap/ap.o
 .debug_macro   0x00001ab4      0x1df ./src/ap/ap.o
 .debug_macro   0x00001c93       0x22 ./src/ap/ap.o
 .debug_macro   0x00001cb5       0x1c ./src/ap/ap.o
 .debug_macro   0x00001cd1      0x28f ./src/ap/ap.o
 .debug_macro   0x00001f60       0x2e ./src/ap/ap.o
 .debug_macro   0x00001f8e       0x28 ./src/ap/ap.o
 .debug_macro   0x00001fb6       0x1c ./src/ap/ap.o
 .debug_macro   0x00001fd2       0x22 ./src/ap/ap.o
 .debug_macro   0x00001ff4       0xfb ./src/ap/ap.o
 .debug_macro   0x000020ef     0x1011 ./src/ap/ap.o
 .debug_macro   0x00003100      0x11f ./src/ap/ap.o
 .debug_macro   0x0000321f     0xb968 ./src/ap/ap.o
 .debug_macro   0x0000eb87       0x6d ./src/ap/ap.o
 .debug_macro   0x0000ebf4     0x3693 ./src/ap/ap.o
 .debug_macro   0x00012287       0x56 ./src/ap/ap.o
 .debug_macro   0x000122dd      0x45c ./src/ap/ap.o
 .debug_macro   0x00012739      0x9e9 ./src/ap/ap.o
 .debug_macro   0x00013122      0x115 ./src/ap/ap.o
 .debug_macro   0x00013237      0x11b ./src/ap/ap.o
 .debug_macro   0x00013352       0xa5 ./src/ap/ap.o
 .debug_macro   0x000133f7      0x15f ./src/ap/ap.o
 .debug_macro   0x00013556      0x287 ./src/ap/ap.o
 .debug_macro   0x000137dd       0x5f ./src/ap/ap.o
 .debug_macro   0x0001383c      0x236 ./src/ap/ap.o
 .debug_macro   0x00013a72      0x132 ./src/ap/ap.o
 .debug_macro   0x00013ba4      0x264 ./src/ap/ap.o
 .debug_macro   0x00013e08       0x2e ./src/ap/ap.o
 .debug_macro   0x00013e36      0x127 ./src/ap/ap.o
 .debug_macro   0x00013f5d       0x85 ./src/ap/ap.o
 .debug_macro   0x00013fe2       0x89 ./src/ap/ap.o
 .debug_macro   0x0001406b      0x126 ./src/ap/ap.o
 .debug_macro   0x00014191       0x10 ./src/ap/ap.o
 .debug_macro   0x000141a1      0x29f ./src/bsp/bsp.o
 .debug_macro   0x00014440      0x2e0 ./src/bsp/stm32f4xx_hal_msp.o
 .debug_macro   0x00014720      0x2ea ./src/bsp/stm32f4xx_it.o
 .debug_macro   0x00014a0a       0xda ./src/bsp/system_stm32f4xx.o
 .debug_macro   0x00014ae4       0x8e ./src/bsp/system_stm32f4xx.o
 .debug_macro   0x00014b72       0x51 ./src/bsp/system_stm32f4xx.o
 .debug_macro   0x00014bc3      0x2be ./src/hw/driver/led.o
 .debug_macro   0x00014e81      0x2cc ./src/hw/hw.o
 .debug_macro   0x0001514d      0x20b ./src/lib/cube_f411ceu6/Drivers/STM32F4xx_HAL_Driver/Src/stm32f4xx_hal.o
 .debug_macro   0x00015358       0x5c ./src/lib/cube_f411ceu6/Drivers/STM32F4xx_HAL_Driver/Src/stm32f4xx_hal.o
 .debug_macro   0x000153b4      0x1ab ./src/lib/cube_f411ceu6/Drivers/STM32F4xx_HAL_Driver/Src/stm32f4xx_hal_cortex.o
 .debug_macro   0x0001555f      0x1b1 ./src/lib/cube_f411ceu6/Drivers/STM32F4xx_HAL_Driver/Src/stm32f4xx_hal_gpio.o
 .debug_macro   0x00015710      0x1cf ./src/lib/cube_f411ceu6/Drivers/STM32F4xx_HAL_Driver/Src/stm32f4xx_hal_rcc.o
 .debug_macro   0x000158df      0x2e0 ./src/main.o

.debug_line     0x00000000     0x8439
 .debug_line    0x00000000      0xa4b ./src/ap/ap.o
 .debug_line    0x00000a4b      0xa43 ./src/bsp/bsp.o
 .debug_line    0x0000148e      0xaa6 ./src/bsp/stm32f4xx_hal_msp.o
 .debug_line    0x00001f34      0xb69 ./src/bsp/stm32f4xx_it.o
 .debug_line    0x00002a9d      0x5dd ./src/bsp/system_stm32f4xx.o
 .debug_line    0x0000307a       0x7b ./src/bsp/startup/startup_stm32f411ceux.o
 .debug_line    0x000030f5      0xa82 ./src/hw/driver/led.o
 .debug_line    0x00003b77      0xa33 ./src/hw/hw.o
 .debug_line    0x000045aa      0xb16 ./src/lib/cube_f411ceu6/Drivers/STM32F4xx_HAL_Driver/Src/stm32f4xx_hal.o
 .debug_line    0x000050c0      0xe08 ./src/lib/cube_f411ceu6/Drivers/STM32F4xx_HAL_Driver/Src/stm32f4xx_hal_cortex.o
 .debug_line    0x00005ec8      0xc66 ./src/lib/cube_f411ceu6/Drivers/STM32F4xx_HAL_Driver/Src/stm32f4xx_hal_gpio.o
 .debug_line    0x00006b2e      0xe9f ./src/lib/cube_f411ceu6/Drivers/STM32F4xx_HAL_Driver/Src/stm32f4xx_hal_rcc.o
 .debug_line    0x000079cd      0xa6c ./src/main.o

.debug_str      0x00000000    0x82db1
 .debug_str     0x00000000    0x81644 ./src/ap/ap.o
                              0x818c4 (size before relaxing)
 .debug_str     0x00081644      0x2f1 ./src/bsp/bsp.o
                              0x81b16 (size before relaxing)
 .debug_str     0x00081935       0x38 ./src/bsp/stm32f4xx_hal_msp.o
                              0x819d2 (size before relaxing)
 .debug_str     0x0008196d       0xc8 ./src/bsp/stm32f4xx_it.o
                              0x81946 (size before relaxing)
 .debug_str     0x00081a35      0x118 ./src/bsp/system_stm32f4xx.o
                              0x4ffe7 (size before relaxing)
 .debug_str     0x00081b4d       0x47 ./src/bsp/startup/startup_stm32f411ceux.o
                                 0x76 (size before relaxing)
 .debug_str     0x00081b94       0xfc ./src/hw/driver/led.o
                              0x81aaa (size before relaxing)
 .debug_str     0x00081c90       0x16 ./src/hw/hw.o
                              0x8188f (size before relaxing)
 .debug_str     0x00081ca6      0x9c2 ./src/lib/cube_f411ceu6/Drivers/STM32F4xx_HAL_Driver/Src/stm32f4xx_hal.o
                              0x7ecab (size before relaxing)
 .debug_str     0x00082668      0x3b9 ./src/lib/cube_f411ceu6/Drivers/STM32F4xx_HAL_Driver/Src/stm32f4xx_hal_cortex.o
                              0x7ea15 (size before relaxing)
 .debug_str     0x00082a21      0x134 ./src/lib/cube_f411ceu6/Drivers/STM32F4xx_HAL_Driver/Src/stm32f4xx_hal_gpio.o
                              0x7e3fa (size before relaxing)
 .debug_str     0x00082b55      0x249 ./src/lib/cube_f411ceu6/Drivers/STM32F4xx_HAL_Driver/Src/stm32f4xx_hal_rcc.o
                              0x7e6b3 (size before relaxing)
 .debug_str     0x00082d9e       0x13 ./src/main.o
                              0x818a6 (size before relaxing)

.comment        0x00000000       0x43
 .comment       0x00000000       0x43 ./src/ap/ap.o
                                 0x44 (size before relaxing)
 .comment       0x00000043       0x44 ./src/bsp/bsp.o
 .comment       0x00000043       0x44 ./src/bsp/stm32f4xx_hal_msp.o
 .comment       0x00000043       0x44 ./src/bsp/stm32f4xx_it.o
 .comment       0x00000043       0x44 ./src/bsp/system_stm32f4xx.o
 .comment       0x00000043       0x44 ./src/hw/driver/led.o
 .comment       0x00000043       0x44 ./src/hw/hw.o
 .comment       0x00000043       0x44 ./src/lib/cube_f411ceu6/Drivers/STM32F4xx_HAL_Driver/Src/stm32f4xx_hal.o
 .comment       0x00000043       0x44 ./src/lib/cube_f411ceu6/Drivers/STM32F4xx_HAL_Driver/Src/stm32f4xx_hal_cortex.o
 .comment       0x00000043       0x44 ./src/lib/cube_f411ceu6/Drivers/STM32F4xx_HAL_Driver/Src/stm32f4xx_hal_gpio.o
 .comment       0x00000043       0x44 ./src/lib/cube_f411ceu6/Drivers/STM32F4xx_HAL_Driver/Src/stm32f4xx_hal_rcc.o
 .comment       0x00000043       0x44 ./src/main.o

.debug_frame    0x00000000      0xff0
 .debug_frame   0x00000000       0x4c ./src/ap/ap.o
 .debug_frame   0x0000004c       0xb0 ./src/bsp/bsp.o
 .debug_frame   0x000000fc       0x38 ./src/bsp/stm32f4xx_hal_msp.o
 .debug_frame   0x00000134      0x104 ./src/bsp/stm32f4xx_it.o
 .debug_frame   0x00000238       0x58 ./src/bsp/system_stm32f4xx.o
 .debug_frame   0x00000290       0xa0 ./src/hw/driver/led.o
 .debug_frame   0x00000330       0x2c ./src/hw/hw.o
 .debug_frame   0x0000035c      0x374 ./src/lib/cube_f411ceu6/Drivers/STM32F4xx_HAL_Driver/Src/stm32f4xx_hal.o
 .debug_frame   0x000006d0      0x508 ./src/lib/cube_f411ceu6/Drivers/STM32F4xx_HAL_Driver/Src/stm32f4xx_hal_cortex.o
 .debug_frame   0x00000bd8      0x14c ./src/lib/cube_f411ceu6/Drivers/STM32F4xx_HAL_Driver/Src/stm32f4xx_hal_gpio.o
 .debug_frame   0x00000d24      0x1f4 ./src/lib/cube_f411ceu6/Drivers/STM32F4xx_HAL_Driver/Src/stm32f4xx_hal_rcc.o
 .debug_frame   0x00000f18       0x2c ./src/main.o
 .debug_frame   0x00000f44       0x20 C:/ST/STM32CubeIDE_1.14.1/STM32CubeIDE/plugins/com.st.stm32cube.ide.mcu.externaltools.gnu-tools-for-stm32.12.3.rel1.win32_1.1.0.202410251130/tools/bin/../lib/gcc/arm-none-eabi/12.3.1/../../../../arm-none-eabi/lib/thumb/v7e-m+fp/hard\libc_nano.a(libc_a-memset.o)
 .debug_frame   0x00000f64       0x2c C:/ST/STM32CubeIDE_1.14.1/STM32CubeIDE/plugins/com.st.stm32cube.ide.mcu.externaltools.gnu-tools-for-stm32.12.3.rel1.win32_1.1.0.202410251130/tools/bin/../lib/gcc/arm-none-eabi/12.3.1/../../../../arm-none-eabi/lib/thumb/v7e-m+fp/hard\libc_nano.a(libc_a-init.o)
 .debug_frame   0x00000f90       0x2c C:/ST/STM32CubeIDE_1.14.1/STM32CubeIDE/plugins/com.st.stm32cube.ide.mcu.externaltools.gnu-tools-for-stm32.12.3.rel1.win32_1.1.0.202410251130/tools/bin/../lib/gcc/arm-none-eabi/12.3.1/thumb/v7e-m+fp/hard\libgcc.a(_aeabi_uldivmod.o)
 .debug_frame   0x00000fbc       0x34 C:/ST/STM32CubeIDE_1.14.1/STM32CubeIDE/plugins/com.st.stm32cube.ide.mcu.externaltools.gnu-tools-for-stm32.12.3.rel1.win32_1.1.0.202410251130/tools/bin/../lib/gcc/arm-none-eabi/12.3.1/thumb/v7e-m+fp/hard\libgcc.a(_udivmoddi4.o)

.debug_line_str
                0x00000000       0x5a
 .debug_line_str
                0x00000000       0x5a ./src/bsp/startup/startup_stm32f411ceux.o
